[30/11/2025 13:31:08] Đăng nhập thành công: admin
[30/11/2025 13:34:09] Đăng nhập thành công: admin
[30/11/2025 13:34:37] Thêm mới: Nguyễn Vũ Đạt
[30/11/2025 13:48:50] Đăng nhập thành công: admin
[30/11/2025 13:50:00] Đăng nhập thành công: admin
[30/11/2025 13:53:49] Đăng nhập thành công: admin
[30/11/2025 14:04:44] Đăng nhập thành công: admin
[30/11/2025 14:04:59] Lỗi xử lý hội viên: Họ tên không được là số!
[30/11/2025 14:05:13] Thêm mới: Nguyễn Văn 7
[30/11/2025 14:12:13] Đăng nhập thành công: admin
[30/11/2025 14:12:35] Lỗi xử lý hội viên: Họ tên không được chứa số!
[30/11/2025 14:12:44] Lỗi xử lý hội viên: Sđt không hợp lệ!
[30/11/2025 14:13:40] Đăng nhập thành công: admin
[30/11/2025 14:14:13] Thêm nhân viên: Nguyễn Văn Hoài
[30/11/2025 14:15:56] Thêm thiết bị: MC0152 - Máy chạy bộ Kingsport Plus K-04 Đơn năng
[30/11/2025 14:23:01] Đăng nhập thành công: admin
[01/12/2025 08:16:15] Đăng nhập thành công: admin
[01/12/2025 08:16:46] Thêm mới: Nguyễn Vũ Đạt
[01/12/2025 08:16:56] Đăng nhập thành công: admin
[01/12/2025 16:51:56] Đăng nhập thành công: admin
[01/12/2025 17:02:09] Đăng nhập thành công: admin
[01/12/2025 17:02:19] Cập nhật nhân viên: Ngo Thi Ke Toan
[01/12/2025 17:02:25] Cập nhật nhân viên: Dang Thi Marketing
[01/12/2025 17:02:29] Cập nhật nhân viên: Truong Thi Le Tan 2
[01/12/2025 17:02:35] Cập nhật nhân viên: Nguyen Van Quan Ly
[01/12/2025 17:02:39] Cập nhật nhân viên: Tran Thi Le Tan
[01/12/2025 17:02:43] Cập nhật nhân viên: Le Van HLV 1
[01/12/2025 17:02:47] Cập nhật nhân viên: Pham Thi HLV 2
[01/12/2025 17:02:51] Cập nhật nhân viên: Hoang Van Bao Ve
[01/12/2025 17:02:54] Cập nhật nhân viên: Do Thi Tap Vu
[01/12/2025 17:02:58] Cập nhật nhân viên: Dinh Van Bao Ve 2
[01/12/2025 17:03:02] Cập nhật nhân viên: Ly Van HLV 3
[01/12/2025 17:03:05] Cập nhật nhân viên: Bui Van Sale
[01/12/2025 17:03:14] Cập nhật nhân viên: Bui Van Sale
[01/12/2025 17:03:20] Cập nhật nhân viên: Dang Thi Marketing
[01/12/2025 17:03:29] Cập nhật nhân viên: Do Thi Tap Vu
[01/12/2025 17:03:37] Cập nhật nhân viên: Lam Thi Tap Vu 2
[01/12/2025 17:05:07] Cập nhật nhân viên: Vu Van Ky Thuat
[01/12/2025 17:05:13] Cập nhật nhân viên: Mai Van HLV 4
[01/12/2025 17:09:13] Thêm nhân viên: Nguyễn Vũ 2
[01/12/2025 17:14:24] Đăng nhập thành công: admin
[01/12/2025 17:14:32] Lỗi xử lý nhân viên: Vui lòng nhập tên và chọn giới tính!
[01/12/2025 17:14:39] Lỗi xử lý nhân viên: Tên không được chứa số!
[01/12/2025 17:14:51] Lỗi xử lý nhân viên: Số điện thoại không hợp lệ!
[01/12/2025 17:14:56] Lỗi xử lý nhân viên: Số điện thoại không hợp lệ!
[01/12/2025 17:15:00] Cập nhật nhân viên: Nguyễn Vũ
[01/12/2025 17:15:04] Cập nhật nhân viên: Mai Van HLV
[01/12/2025 17:15:09] Cập nhật nhân viên: Mai Van Mai
[01/12/2025 17:15:15] Cập nhật nhân viên: Lam Thi Tho
[01/12/2025 17:15:22] Cập nhật nhân viên: Dinh Van Luu
[01/12/2025 17:15:28] Cập nhật nhân viên: Truong Thi Le
[01/12/2025 17:15:35] Cập nhật nhân viên: Ly Van Son
[01/12/2025 17:15:41] Cập nhật nhân viên: Dang Thi Mo
[01/12/2025 17:15:51] Cập nhật nhân viên: Bui Van Hoa
[01/12/2025 17:19:10] Lỗi xử lý nhân viên: Tên không được chứa số!
[01/12/2025 17:19:16] Lỗi xử lý nhân viên: Số điện thoại không hợp lệ!
[01/12/2025 17:19:20] Lỗi xử lý nhân viên: Số điện thoại không hợp lệ!
[01/12/2025 17:19:23] Thêm nhân viên: Nguyễn Vũ Đạt
[01/12/2025 17:19:48] Đã xóa nhân viên: Nguyễn Vũ Đạt
[01/12/2025 17:20:28] Cập nhật thiết bị: TD01 - Tạ đơn 5kg
[01/12/2025 17:24:19] Đăng nhập thành công: admin
[01/12/2025 17:28:13] Đăng nhập thành công: admin
